
<Map width="30" height="30">
	<Tile alias="g" graphics="tile_grass" />
	<Tile alias="w" graphics="tile_water" />
	<Tile alias="c" graphics="tree_bot" />
	<Tile alias="t" graphics="tree_top" />
	<Tile alias="%" graphics="tile_water_grass_r" />
	<Tile alias="€" graphics="tile_water_grass_l" />
	<Tile alias="/" graphics="tile_water_grass_u" />
	<Tile alias="¶" graphics="tile_water_grass_d" />
	<Layer1>
		gggggggggggggggggggggggggggggg
		gggggggggggggggggggggggggggggg
		gggggggggggggggggggggggggggggg
		gggggggggggggggggggggggggggggg
		gggggggggggggggggggggggggggggg
		gggggggggggggggggggggggggggggg
		ggggggggggggggggggg////ggggggg
		gggggggggggggggggggwwwwggggggg
		ggggggggggggggggg€wwwwww%ggggg
		ggggggggggggggggg€wwwwww%ggggg
		gggggggggggggggggggwwwwggggggg
		ggggggggggggggggggg¶¶¶¶ggggggg
		gggggggggggggggggggggggggggggg
		gggggggggggggggggggggggggggggg
		gggggggggggggggggggggggggggggg
		gggggggggggggggggggggggggggggg
		gggggggggggggggggggggggggggggg
		gggggggggggggggggggggggggggggg
		gggggggggggggggggggggggggggggg
		gggggggggggggggggggggggggggggg
		gggggggggggggggggggggggggggggg
		gggggggggggggggggggggggggggggg
		gggggggggggggggggggggggggggggg
		gggggggggggggggggggggggggggggg
		gggggggggggggggggggggggggggggg
		gggggggggggggggggggggggggggggg
		gggggggggggggggggggggggggggggg
		gggggggggggggggggggggggggggggg
		gggggggggggggggggggggggggggggg
		gggggggggggggggggggggggggggggg
	</Layer1>
	<Layer2>
		------------------------------
		---------------------------c--
		-----------------c------------
		------c-----------------------
		---------------------------c--
		------------------------------
		-----c------------------------
		----------c-------------------
		------------------------------
		------------------------------
		-----------c------------------
		-----c---------------------c--
		-------------------c----------
		------------------------------
		------------------------------
		----------c----------c--------
		------------------------------
		------------------------------
		------------------------------
		--c---------------------------
		------------------------------
		-----------------c------------
		------------------------------
		------------------------------
		------------------------------
		------------------------------
		------------------------------
		------------------------------
		------------------------------
		------------------------------
	</Layer2>
	<Layer3>
		---------------------------t--
		-----------------t------------
		------t-----------------------
		---------------------------t--
		------------------------------
		-----t------------------------
		----------t-------------------
		------------------------------
		------------------------------
		-----------t------------------
		-----t---------------------t--
		-------------------t----------
		------------------------------
		------------------------------
		----------t----------t--------
		------------------------------
		------------------------------
		------------------------------
		--t---------------------------
		------------------------------
		-----------------t------------
		------------------------------
		------------------------------
		------------------------------
		------------------------------
		------------------------------
		------------------------------
		------------------------------
		------------------------------
		------------------------------
	</Layer3>
</Map>